#Packing pin usage report
Type: io
	Input Pin Usage:
		Max: 1.00 (0.50)
		Avg: 0.70 (0.35)
		Min: 0.00 (0.00)
		Histogram:
		[        0:      0.2)  52 ( 29.9%) |********************
		[      0.2:      0.4)   0 (  0.0%) |
		[      0.4:      0.6)   0 (  0.0%) |
		[      0.6:      0.8)   0 (  0.0%) |
		[      0.8:        1) 122 ( 70.1%) |***********************************************
		[        1:      1.2)   0 (  0.0%) |
		[      1.2:      1.4)   0 (  0.0%) |
		[      1.4:      1.6)   0 (  0.0%) |
		[      1.6:      1.8)   0 (  0.0%) |
		[      1.8:        2)   0 (  0.0%) |
	Output Pin Usage:
		Max: 1.00 (1.00)
		Avg: 0.30 (0.30)
		Min: 0.00 (0.00)
		Histogram:
		[        0:      0.1) 122 ( 70.1%) |***********************************************
		[      0.1:      0.2)   0 (  0.0%) |
		[      0.2:      0.3)   0 (  0.0%) |
		[      0.3:      0.4)   0 (  0.0%) |
		[      0.4:      0.5)   0 (  0.0%) |
		[      0.5:      0.6)   0 (  0.0%) |
		[      0.6:      0.7)   0 (  0.0%) |
		[      0.7:      0.8)   0 (  0.0%) |
		[      0.8:      0.9)   0 (  0.0%) |
		[      0.9:        1)  52 ( 29.9%) |********************

Type: clb
	Input Pin Usage:
		Max: 30.00 (0.71)
		Avg: 18.12 (0.43)
		Min: 4.00 (0.10)
		Histogram:
		[        0:      4.2)  2 (  3.1%) |*****
		[      4.2:      8.4)  0 (  0.0%) |
		[      8.4:       13)  8 ( 12.5%) |*******************
		[       13:       17) 16 ( 25.0%) |**************************************
		[       17:       21) 20 ( 31.2%) |************************************************
		[       21:       25) 13 ( 20.3%) |*******************************
		[       25:       29)  4 (  6.2%) |**********
		[       29:       34)  1 (  1.6%) |**
		[       34:       38)  0 (  0.0%) |
		[       38:       42)  0 (  0.0%) |
	Output Pin Usage:
		Max: 12.00 (0.57)
		Avg: 8.92 (0.42)
		Min: 1.00 (0.05)
		Histogram:
		[        0:      2.1)  2 (  3.1%) |*****
		[      2.1:      4.2)  2 (  3.1%) |*****
		[      4.2:      6.3)  5 (  7.8%) |************
		[      6.3:      8.4) 18 ( 28.1%) |*******************************************
		[      8.4:       10) 17 ( 26.6%) |*****************************************
		[       10:       13) 20 ( 31.2%) |************************************************
		[       13:       15)  0 (  0.0%) |
		[       15:       17)  0 (  0.0%) |
		[       17:       19)  0 (  0.0%) |
		[       19:       21)  0 (  0.0%) |

